../Core/Src/stm32f4xx_it.c:75:6:NMI_Handler	4	static
../Core/Src/stm32f4xx_it.c:90:6:HardFault_Handler	4	static
../Core/Src/stm32f4xx_it.c:105:6:MemManage_Handler	4	static
../Core/Src/stm32f4xx_it.c:120:6:BusFault_Handler	4	static
../Core/Src/stm32f4xx_it.c:135:6:UsageFault_Handler	4	static
../Core/Src/stm32f4xx_it.c:150:6:DebugMon_Handler	4	static
../Core/Src/stm32f4xx_it.c:170:6:EXTI0_IRQHandler	8	static
../Core/Src/stm32f4xx_it.c:184:6:EXTI1_IRQHandler	8	static
../Core/Src/stm32f4xx_it.c:198:6:EXTI4_IRQHandler	8	static
../Core/Src/stm32f4xx_it.c:212:6:CAN1_RX0_IRQHandler	8	static
../Core/Src/stm32f4xx_it.c:226:6:CAN1_RX1_IRQHandler	8	static
../Core/Src/stm32f4xx_it.c:240:6:CAN1_SCE_IRQHandler	8	static
../Core/Src/stm32f4xx_it.c:254:6:EXTI9_5_IRQHandler	8	static
../Core/Src/stm32f4xx_it.c:268:6:USART3_IRQHandler	8	static
../Core/Src/stm32f4xx_it.c:282:6:EXTI15_10_IRQHandler	8	static
../Core/Src/stm32f4xx_it.c:296:6:TIM6_DAC_IRQHandler	8	static
../Core/Src/stm32f4xx_it.c:310:6:DMA2_Stream0_IRQHandler	8	static
../Core/Src/stm32f4xx_it.c:324:6:CAN2_RX0_IRQHandler	8	static
../Core/Src/stm32f4xx_it.c:338:6:CAN2_RX1_IRQHandler	8	static
../Core/Src/stm32f4xx_it.c:352:6:CAN2_SCE_IRQHandler	8	static
../Core/Src/stm32f4xx_it.c:366:6:HASH_RNG_IRQHandler	8	static
