../DiagnosticLayer/ECUDiagnostic.c:25:19:ECU_Init	8	static
../DiagnosticLayer/ECUDiagnostic.c:44:26:ECU_Response_Analog	24	static
../DiagnosticLayer/ECUDiagnostic.c:64:26:ECU_ReadData_Service	24	static
../DiagnosticLayer/ECUDiagnostic.c:75:26:ECU_WriteData_Service	32	static
../DiagnosticLayer/ECUDiagnostic.c:97:26:ECU_SecurityUnlock	8	static
../DiagnosticLayer/ECUDiagnostic.c:104:26:ECU_SecurityLock	8	static
../DiagnosticLayer/ECUDiagnostic.c:112:26:ECU_SecurityAccess_RespSeed	40	static
../DiagnosticLayer/ECUDiagnostic.c:128:26:ECU_SecurityAccess_RespKey	32	static
../DiagnosticLayer/ECUDiagnostic.c:140:26:ECU_SecurityAccess_CheckKey	40	static
../DiagnosticLayer/ECUDiagnostic.c:173:26:ECU_SecurityAccess_Service	32	static
../DiagnosticLayer/ECUDiagnostic.c:190:19:ECU_Loop	24	static
../DiagnosticLayer/ECUDiagnostic.c:225:6:ECUTask_Handler	24	static
../DiagnosticLayer/ECUDiagnostic.c:243:6:HAL_CAN_RxFifo0MsgPendingCallback	56	static
