../DiagnosticLayer/TesterDiagnostic.c:27:19:Tester_Init	8	static
../DiagnosticLayer/TesterDiagnostic.c:44:26:Tester_ReadADC	40	static
../DiagnosticLayer/TesterDiagnostic.c:73:26:Tester_ReadDataByID	16	static
../DiagnosticLayer/TesterDiagnostic.c:85:26:Tester_WriteDataByID	40	static
../DiagnosticLayer/TesterDiagnostic.c:129:26:Tester_SecurityAccess_RequestSeed	40	static
../DiagnosticLayer/TesterDiagnostic.c:159:26:Tester_SecurityAccess_ValidKey	48	static
../DiagnosticLayer/TesterDiagnostic.c:189:26:Tester_SecurityAccess	24	static
../DiagnosticLayer/TesterDiagnostic.c:210:19:Tester_Loop	16	static
../DiagnosticLayer/TesterDiagnostic.c:240:6:TesterTask_Handler	24	static
../DiagnosticLayer/TesterDiagnostic.c:251:6:HAL_CAN_RxFifo1MsgPendingCallback	56	static
../DiagnosticLayer/TesterDiagnostic.c:267:6:HAL_GPIO_EXTI_Callback	16	static
